count = 0
seed = 061550234D158C5EC95595FE04EF7A25767F2E24CC2BC479D09D86DC9ABCFDE7056A8C266F9EF97ED08541DBD2E1FFA1
pk =
sk =
ct =
ss =

count = 1
seed = D81C4D8D734FCBFBEADE3D3F8A039FAA2A2C9957E835AD55B22E75BF57BB556AC81ADDE6AEEB4A5A875C3BFCADFA958F
pk =
sk =
ct =
ss =

count = 2
seed = 64335BF29E5DE62842C941766BA129B0643B5E7121CA26CFC190EC7DC3543830557FDD5C03CF123A456D48EFEA43C868
pk =
sk =
ct =
ss =

count = 3
seed = 225D5CE2CEAC61930A07503FB59F7C2F936A3E075481DA3CA299A80F8C5DF9223A073E7B90E02EBF98CA2227EBA38C1A
pk =
sk =
ct =
ss =

count = 4
seed = EDC76E7C1523E3862552133FEA4D2AB05C69FB54A9354F0846456A2A407E071DF4650EC0E0A5666A52CD09462DBC51F9
pk =
sk =
ct =
ss =

count = 5
seed = AA93649193C2C5985ACF8F9E6AC50C36AE16A2526D7C684F7A3BB4ABCD7B6FF790E82BADCE89BC7380D66251F97AAAAA
pk =
sk =
ct =
ss =

count = 6
seed = 2E014DC7C2696B9F6D4AF555CBA4B931B34863FF60E2341D4FDFE472FEF2FE2C33E0813FC5CAFDE4E30277FE522A9049
pk =
sk =
ct =
ss =

count = 7
seed = AEFB28FDD34E0AB403A703B535296E3A545CA479C1D8148E2D501B3C8DD8B1034BD986F13F1A7B4671BE769359FD2AAB
pk =
sk =
ct =
ss =

count = 8
seed = CBE5161E8DE02DDA7DE204AEB0FBB4CA81344BA8C30FE357A4664E5D2988A03B64184D7DC69F8D367550E5FEA0876D41
pk =
sk =
ct =
ss =

count = 9
seed = B4663A7A9883386A2AE4CBD93787E247BF26087E3826D1B8DBEB679E49C0BB286E114F0E9F42F61F63DEC42B4F974846
pk =
sk =
ct =
ss =

